---
source: crates/sentinel-driver/tests/ui.rs
expression: "reject_stderr(\"c21_ref_in_class_field.sentinel\")"
---
sentinel::types::ref_in_class_field

  × references in class fields are not allowed at C2
   ╭─[tests/ui/c21_ref_in_class_field.sentinel:2:12]
 1 │ class Cell {
 2 │     let r: &i64;
   ·            ──┬─
   ·              ╰── 
 3 │     pub init(r: &i64) { self.r = r; 0 }
   ╰────
