---
source: crates/sentinel-driver/tests/ui.rs
expression: "reject_stderr(\"c21_if_merge_dead_branch.sentinel\")"
---
sentinel::borrow::ref_outlives_binding

  × `r` would be bound to a reference into `inner`, which is already gone
   ╭─[tests/ui/c21_if_merge_dead_branch.sentinel:5:19]
 4 │     let outer: [i64] = [7, 7];
 5 │     let r: &i64 = if c { &outer[0] } else { let inner: [i64] = [5, 5]; &inner[0] };
   ·                   ────────────────────────────────┬───────────────────────────────
   ·                                                   ╰── 
 6 │     *r
   ╰────
