---
source: crates/sentinel-driver/tests/ui.rs
expression: "reject_stderr(\"c66_process_channel_handle_fence.sentinel\")"
---
sentinel::types::call_arg_mismatch

  × argument 1 of `process_send` expects i64, got <channel#0>
    ╭─[tests/ui/c66_process_channel_handle_fence.sentinel:22:21]
 21 │     let ch: Channel<i64> = channel_new();
 22 │     process_send(p, ch)
    ·                     ─┬
    ·                      ╰── 
 23 │ }
    ╰────
