---
source: crates/sentinel-driver/tests/ui.rs
expression: "reject_stderr(\"c70_fn_value_ineligible.sentinel\")"
---
sentinel::types::fn_value_signature_not_supported

  × `add` cannot be used as a function value
    ╭─[tests/ui/c70_fn_value_ineligible.sentinel:15:14]
 14 │ fn main() -> i64 {
 15 │     let op = add;
    ·              ─┬─
    ·               ╰── 
 16 │     apply_to(op, 1)
    ╰────
