---
source: crates/sentinel-driver/tests/ui.rs
expression: "reject_stderr(\"c71_secret_mutex_handle.sentinel\")"
---
sentinel::types::secret_handle

  × a `secret` `Shared` / `Mutex` handle is not allowed
   ╭─[tests/ui/c71_secret_mutex_handle.sentinel:5:19]
 4 │ 
 5 │ fn hold(m: secret Mutex<i64>) -> i64 {
   ·                   ─────┬────
   ·                        ╰── 
 6 │     1
   ╰────
