---
source: crates/sentinel-driver/tests/ui.rs
expression: "reject_stderr(\"c71_secret_mutex_branch.sentinel\")"
---
sentinel::types::secret_branch

  × `if` on a `secret bool` condition would leak via timing
    ╭─[tests/ui/c71_secret_mutex_branch.sentinel:17:8]
 16 │     let g = lock(m);
 17 │     if *g > 0 { 1 } else { 0 }
    ·        ───┬──
    ·           ╰── 
 18 │ }
    ╰────
