---
source: crates/sentinel-driver/tests/ui.rs
expression: "reject_stderr(\"c70_fn_type_args_unsupported.sentinel\")"
---
sentinel::types::fn_type_args_not_supported

  × `Fn<T, R>` requires word-scalar T and R
   ╭─[tests/ui/c70_fn_type_args_unsupported.sentinel:6:17]
 5 │ // ordinary LLVM scalar types). Surfaces FnTypeArgsNotSupported.
 6 │ fn apply_to(op: Fn<u128, i64>, x: u128) -> i64 {
   ·                 ──────┬──────
   ·                       ╰── 
 7 │     0
   ╰────
