---
source: crates/sentinel-driver/tests/ui.rs
expression: "reject_stderr(\"c71_shared_return_named.sentinel\")"
---
sentinel::types::shared_return_not_supported

  × returning a named `Shared<T>` binding is not yet supported
    ╭─[tests/ui/c71_shared_return_named.sentinel:12:5]
 11 │     let s = shared_new(7);
 12 │     s
    ·     ┬
    ·     ╰── 
 13 │ }
    ╰────
