---
source: crates/sentinel-driver/tests/ui.rs
expression: "reject_stderr(\"c71_shared_element_unsupported.sentinel\")"
---
sentinel::types::shared_element_not_supported

  × `Shared<T>` element type is not supported yet
    ╭─[tests/ui/c71_shared_element_unsupported.sentinel:23:14]
 22 │ // widened from another file.
 23 │ fn worker(s: Shared<Shared<i64>>) -> i64 {
    ·              ─────────┬─────────
    ·                       ╰── 
 24 │     0
    ╰────
