---
source: crates/sentinel-driver/tests/ui.rs
expression: "reject_stderr(\"c65_return_in_init.sentinel\")"
---
sentinel::types::return_in_init

  × `return` is not allowed inside an `init`
    ╭─[tests/ui/c65_return_in_init.sentinel:17:13]
 16 │         if x > 100 {
 17 │             return spare
    ·             ──────┬─────
    ·                   ╰── 
 18 │         } else {
    ╰────
