---
source: crates/sentinel-driver/tests/ui.rs
expression: "reject_stderr(\"c21_nullable_ref_struct_field.sentinel\")"
---
sentinel::types::ref_in_struct_field

  × references in struct fields are not allowed at C2
   ╭─[tests/ui/c21_nullable_ref_struct_field.sentinel:1:15]
 1 │ struct S { r: ?&i64 }
   ·               ──┬──
   ·                 ╰── 
 2 │ fn main() -> i64 { let x: i64 = 5; let z: i64 = 0; let s: S = S { r: &x }; *unwrap_or(s.r, &z) }
   ╰────
