---
source: crates/sentinel-driver/tests/ui.rs
expression: "reject_stderr(\"c66_process_secret_fence.sentinel\")"
---
sentinel::types::call_arg_mismatch

  × argument 1 of `process_write` expects u8, got <secret#0>
    ╭─[tests/ui/c66_process_secret_fence.sentinel:13:22]
 12 │     let payload: [secret u8] = [secret_byte];
 13 │     process_write(p, payload)
    ·                      ───┬───
    ·                         ╰── 
 14 │ }
    ╰────
