---
source: crates/sentinel-driver/tests/ui.rs
expression: "reject_stderr(\"c21_nested_nullable_ref.sentinel\")"
---
sentinel::types::nested_ref

  × nested references `&&T` are not allowed
   ╭─[tests/ui/c21_nested_nullable_ref.sentinel:2:16]
 1 │ // `&mut ?&T` is a nested reference: a callee could store `&local` into the caller's slot.
 2 │ fn stash(slot: &mut ?&i64) -> i64 { let x: i64 = 5; *slot = &x; 0 }
   ·                ─────┬────
   ·                     ╰── 
 3 │ fn main() -> i64 { let z: i64 = 1; let mut h: ?&i64 = &z; let k: i64 = stash(&mut h); *unwrap_or(h, &z) }
   ╰────
