---
source: crates/sentinel-driver/tests/ui.rs
expression: "reject_stderr(\"c5d5_move_outer_in_loop.sentinel\")"
---
sentinel::borrow::moved_in_loop_body

  × cannot move out of `p` inside a `while` loop
    ╭─[tests/ui/c5d5_move_outer_in_loop.sentinel:15:25]
 14 │     while i < 3 {
 15 │         t = t + consume(p);
    ·                         ┬
    ·                         ╰── 
 16 │         i = i + 1;
    ╰────
