---
source: crates/sentinel-driver/tests/ui.rs
expression: "reject_stderr(\"c66_spawn_aggregate_unsupported.sentinel\")"
---
sentinel::types::spawn_type_unsupported

  × `spawn` result type `u128` is not supported yet
    ╭─[tests/ui/c66_spawn_aggregate_unsupported.sentinel:14:11]
 13 │ fn main() -> i64 {
 14 │     spawn big();
    ·           ──┬──
    ·             ╰── 
 15 │     0
    ╰────
