---
source: crates/sentinel-driver/tests/ui.rs
expression: "reject_stderr(\"c66_process_channel_secret_fence.sentinel\")"
---
sentinel::types::call_arg_mismatch

  × argument 1 of `process_send` expects i64, got <secret#0>
    ╭─[tests/ui/c66_process_channel_secret_fence.sentinel:12:21]
 11 │     let p = process_spawn("cmd", argv);
 12 │     process_send(p, s)
    ·                     ┬
    ·                     ╰── 
 13 │ }
    ╰────
